---
source: crates/oopsie-macros/src/traced/mod.rs
expression: output
---
# [derive (Debug , Oopsie)] pub enum MyError { # [oopsie (display ("connection failed") , help = "Check your network" , code = "custom::connection_failed")] # [oopsie (provide (ref , :: oopsie :: BackTrace => __oopsie_backtrace . as_ref ()))] # [oopsie (provide (ref , :: oopsie :: SpanTrace => __oopsie_spantrace . as_ref ()))] ConnectionFailed { address : String , # [oopsie (auto)] __oopsie_backtrace : :: std :: boxed :: Box < :: oopsie :: BackTrace > , # [oopsie (auto)] __oopsie_spantrace : :: std :: boxed :: Box < :: oopsie :: SpanTrace > } , }
