---
source: crates/oopsie-macros/src/traced/mod.rs
expression: output
---
# [derive (Debug , Oopsie)] pub enum ErrorWithSpanTrace { # [oopsie (display ("Inner error happened") , transparent)] # [oopsie (provide (crate :: ErrorCode => crate :: ErrorCode :: from (concat ! (module_path ! () , "::" , "ErrorWithSpanTrace::Inner"))))] Inner { source : ErrorWithSpanTraceInner , # [oopsie (backtrace)] __oopsie_backtrace : :: std :: boxed :: Box < crate :: BackTrace > , # [oopsie (spantrace)] __oopsie_spantrace : :: std :: boxed :: Box < crate :: SpanTrace > } , }
