---
source: crates/oopsie-macros/src/traced/mod.rs
expression: output
---
# [derive (Debug , Oopsie)] pub enum MyError { # [oopsie (display ("connection failed") , help = "Check your network" , code = "custom::connection_failed")] ConnectionFailed { address : String , # [oopsie (backtrace)] __oopsie_backtrace : :: std :: boxed :: Box < :: oopsie :: BackTrace > , # [oopsie (spantrace)] __oopsie_spantrace : :: std :: boxed :: Box < :: oopsie :: SpanTrace > } , }
