---
source: crates/oopsie-macros/src/traced/mod.rs
expression: output
---
# [derive (Debug , Oopsie)] # [oopsie (provide (ref , :: oopsie :: BackTrace => __oopsie_backtrace . as_ref ()))] # [oopsie (provide (:: oopsie :: ErrorCode => :: oopsie :: ErrorCode :: from (concat ! (module_path ! () , "::" , "MyError"))))] pub struct MyError { message : String , # [oopsie (capture)] __oopsie_backtrace : :: std :: boxed :: Box < :: oopsie :: BackTrace > }
