---
source: crates/oopsie-macros/src/traced/expand_struct.rs
expression: out
---
struct Seen { # [cfg (all (feature = "a" , not (feature = "a")))] at : :: std :: time :: SystemTime , # [oopsie (traces)] __oopsie_traces : :: oopsie :: __private :: alloc :: boxed :: Box < (:: oopsie :: Backtrace , :: oopsie :: SpanTrace) > , # [oopsie (capture)] __oopsie_timestamp : :: oopsie :: __private :: SystemTime }
