---
source: crates/erased-oopsie/tests/erased.rs
expression: error
---
Error: 

  ✕ Inner error happened
  ╰─▶ Error: Inner function failed (foo=true, name=Alice)

━━━━━━━━━━━━━━━━━━━━━━━━━━━━━━━━━━ SPANTRACE ━━━━━━━━━━━━━━━━━━━━━━━━━━━━━━━━━━━
   0: sys::inner_function
           with {"foo":true,"id":42,"name":"Alice"}
             at crates/erased-oopsie/tests/common/mod.rs:[LOC]
   1: controller::outer_function
           with {"foo":true,"name":"Alice"}
             at crates/erased-oopsie/tests/common/mod.rs:[LOC]
━━━━━━━━━━━━━━━━━━━━━━━━━━━━━━━━━━ BACKTRACE ━━━━━━━━━━━━━━━━━━━━━━━━━━━━━━━━━━━
   0: backtrace::backtrace::libunwind::trace
           at [CARGO_REGISTRY]/index.crates.io-1949cf8c6b5b557f/backtrace-0.3.76/src/backtrace/libunwind.rs:[LOC]
   1: backtrace::backtrace::trace_unsynchronized
           at [CARGO_REGISTRY]/index.crates.io-1949cf8c6b5b557f/backtrace-0.3.76/src/backtrace/mod.rs:[LOC]
   2: backtrace::backtrace::trace
           at [CARGO_REGISTRY]/index.crates.io-1949cf8c6b5b557f/backtrace-0.3.76/src/backtrace/mod.rs:[LOC]
   3: backtrace::capture::Backtrace::create
           at [CARGO_REGISTRY]/index.crates.io-1949cf8c6b5b557f/backtrace-0.3.76/src/capture.rs:[LOC]
   4: backtrace::capture::Backtrace::new
           at [CARGO_REGISTRY]/index.crates.io-1949cf8c6b5b557f/backtrace-0.3.76/src/capture.rs:[LOC]
   5: <oopsie_core::backtrace::BackTrace as oopsie_core::traits::Capturable>::capture
           at [WORKSPACE_ROOT]/crates/oopsie-core/src/backtrace.rs:[LOC]
   6: <alloc::boxed::Box<T> as oopsie_core::traits::Capturable>::capture
           at [WORKSPACE_ROOT]/crates/oopsie-core/src/traits.rs:[LOC]
   7: erased::common::MyErrorInnerOopsie<__T0>::build
           at [WORKSPACE_ROOT]/crates/erased-oopsie/tests/common/mod.rs:[LOC]
   8: erased::common::MyErrorInnerOopsie<__T0>::fail
           at [WORKSPACE_ROOT]/crates/erased-oopsie/tests/common/mod.rs:[LOC]
   9: erased::common::make_error::inner_function
           at [WORKSPACE_ROOT]/crates/erased-oopsie/tests/common/mod.rs:[LOC]
  10: erased::common::make_error::outer_function
           at [WORKSPACE_ROOT]/crates/erased-oopsie/tests/common/mod.rs:[LOC]
  11: erased::common::make_error
           at [WORKSPACE_ROOT]/crates/erased-oopsie/tests/common/mod.rs:[LOC]
  12: erased::test_erased_error_display
           at [WORKSPACE_ROOT]/crates/erased-oopsie/tests/erased.rs:[LOC]
  13: erased::test_erased_error_display::{{closure}}
           at [WORKSPACE_ROOT]/crates/erased-oopsie/tests/erased.rs:[LOC]
  14: core::ops::function::FnOnce::call_once
           at [SYS_ROOT]/lib/rustlib/src/rust/library/core/src/ops/function.rs:[LOC]
  15: <fn() -> core[PTR]::result::Result<(), alloc[PTR]::string::String> as core[PTR]::ops::function::FnOnce<()>>::call_once
           at /rustc/[HASH]/library/core/src/ops/function.rs:[LOC]
  16: test[PTR]::__rust_begin_short_backtrace::<core[PTR]::result::Result<(), alloc[PTR]::string::String>, fn() -> core[PTR]::result::Result<(), alloc[PTR]::string::String>>
           at /rustc/[HASH]/library/test/src/lib.rs:[LOC]
  17: test[PTR]::run_test_in_process::{closure#0}
           at /rustc/[HASH]/library/test/src/lib.rs:[LOC]
  18: <core[PTR]::panic::unwind_safe::AssertUnwindSafe<test[PTR]::run_test_in_process::{closure#0}> as core[PTR]::ops::function::FnOnce<()>>::call_once
           at /rustc/[HASH]/library/core/src/panic/unwind_safe.rs:[LOC]
  19: std[PTR]::panicking::catch_unwind::do_call::<core[PTR]::panic::unwind_safe::AssertUnwindSafe<test[PTR]::run_test_in_process::{closure#0}>, core[PTR]::result::Result<(), alloc[PTR]::string::String>>
           at /rustc/[HASH]/library/std/src/panicking.rs:[LOC]
  20: std[PTR]::panicking::catch_unwind::<core[PTR]::result::Result<(), alloc[PTR]::string::String>, core[PTR]::panic::unwind_safe::AssertUnwindSafe<test[PTR]::run_test_in_process::{closure#0}>>
           at /rustc/[HASH]/library/std/src/panicking.rs:[LOC]
  21: std[PTR]::panic::catch_unwind::<core[PTR]::panic::unwind_safe::AssertUnwindSafe<test[PTR]::run_test_in_process::{closure#0}>, core[PTR]::result::Result<(), alloc[PTR]::string::String>>
           at /rustc/[HASH]/library/std/src/panic.rs:[LOC]
  22: test[PTR]::run_test_in_process
           at /rustc/[HASH]/library/test/src/lib.rs:[LOC]
  23: test[PTR]::run_test::{closure#0}
           at /rustc/[HASH]/library/test/src/lib.rs:[LOC]
  24: test[PTR]::run_test::{closure#1}
           at /rustc/[HASH]/library/test/src/lib.rs:[LOC]
  25: std[PTR]::sys::backtrace::__rust_begin_short_backtrace::<test[PTR]::run_test::{closure#1}, ()>
           at /rustc/[HASH]/library/std/src/sys/backtrace.rs:[LOC]
  26: std[PTR]::thread::lifecycle::spawn_unchecked::<test[PTR]::run_test::{closure#1}, ()>::{closure#1}::{closure#0}
           at /rustc/[HASH]/library/std/src/thread/lifecycle.rs:[LOC]
  27: <core[PTR]::panic::unwind_safe::AssertUnwindSafe<std[PTR]::thread::lifecycle::spawn_unchecked<test[PTR]::run_test::{closure#1}, ()>::{closure#1}::{closure#0}> as core[PTR]::ops::function::FnOnce<()>>::call_once
           at /rustc/[HASH]/library/core/src/panic/unwind_safe.rs:[LOC]
  28: std[PTR]::panicking::catch_unwind::do_call::<core[PTR]::panic::unwind_safe::AssertUnwindSafe<std[PTR]::thread::lifecycle::spawn_unchecked<test[PTR]::run_test::{closure#1}, ()>::{closure#1}::{closure#0}>, ()>
           at /rustc/[HASH]/library/std/src/panicking.rs:[LOC]
  29: std[PTR]::panicking::catch_unwind::<(), core[PTR]::panic::unwind_safe::AssertUnwindSafe<std[PTR]::thread::lifecycle::spawn_unchecked<test[PTR]::run_test::{closure#1}, ()>::{closure#1}::{closure#0}>>
           at /rustc/[HASH]/library/std/src/panicking.rs:[LOC]
  30: std[PTR]::panic::catch_unwind::<core[PTR]::panic::unwind_safe::AssertUnwindSafe<std[PTR]::thread::lifecycle::spawn_unchecked<test[PTR]::run_test::{closure#1}, ()>::{closure#1}::{closure#0}>, ()>
           at /rustc/[HASH]/library/std/src/panic.rs:[LOC]
  31: std[PTR]::thread::lifecycle::spawn_unchecked::<test[PTR]::run_test::{closure#1}, ()>::{closure#1}
           at /rustc/[HASH]/library/std/src/thread/lifecycle.rs:[LOC]
  32: <std[PTR]::thread::lifecycle::spawn_unchecked<test[PTR]::run_test::{closure#1}, ()>::{closure#1} as core[PTR]::ops::function::FnOnce<()>>::call_once::{shim:vtable#0}
           at /rustc/[HASH]/library/core/src/ops/function.rs:[LOC]
  33: <alloc[PTR]::boxed::Box<dyn core[PTR]::ops::function::FnOnce<(), Output = ()> + core[PTR]::marker::Send> as core[PTR]::ops::function::FnOnce<()>>::call_once
           at /rustc/[HASH]/library/alloc/src/boxed.rs:[LOC]
  34: <std[PTR]::sys::thread::unix::Thread>::new::thread_start
           at /rustc/[HASH]/library/std/src/sys/thread/unix.rs:[LOC]
  35: __pthread_cond_wait
