---
source: crates/erased-oopsie/tests/erased.rs
expression: error
---
{
  "message": "Inner error happened",
  "source_chain": [
    "Error: Inner function failed (foo=true, name=Alice)"
  ],
  "diagnostics": {
    "code": "erased::common::MyError::Inner"
  },
  "spantrace": {
    "spans": [
      {
        "metadata": {
          "name": "inner_function",
          "target": "sys",
          "level": "INFO",
          "module_path": "erased::common",
          "file": "crates/erased-oopsie/tests/common/mod.rs",
          "line": -1
        },
        "fields": "{\"foo\":true,\"id\":42,\"name\":\"Alice\"}"
      },
      {
        "metadata": {
          "name": "outer_function",
          "target": "controller",
          "level": "INFO",
          "module_path": "erased::common",
          "file": "crates/erased-oopsie/tests/common/mod.rs",
          "line": -1
        },
        "fields": "{\"foo\":true,\"name\":\"Alice\"}"
      }
    ]
  },
  "backtrace": {
    "frames": [
      {
        "name": "oopsie_core::traits::Capturable::capture",
        "filename": "[PATH]/crates/oopsie-core/src/backtrace.rs",
        "line": -1,
        "column": 0
      },
      {
        "name": "oopsie_core::traits::Capturable::capture",
        "filename": "[PATH]/crates/oopsie-core/src/traits.rs",
        "line": -1,
        "column": 0
      },
      {
        "name": "<alloc::boxed::Box<T> as oopsie_core::traits::Capturable>::capture",
        "filename": "[PATH]/crates/oopsie-core/src/traits.rs",
        "line": -1,
        "column": 0
      },
      {
        "name": "erased::common::MyErrorInnerOopsie<T>::build",
        "filename": "[PATH]/crates/erased-oopsie/tests/common/mod.rs",
        "line": -1,
        "column": 0
      },
      {
        "name": "erased::common::MyErrorInnerOopsie<T>::fail",
        "filename": "[PATH]/crates/erased-oopsie/tests/common/mod.rs",
        "line": -1,
        "column": 0
      },
      {
        "name": "erased::common::make_error::inner_function",
        "filename": "[PATH]/crates/erased-oopsie/tests/common/mod.rs",
        "line": -1,
        "column": 0
      },
      {
        "name": "erased::common::make_error::outer_function",
        "filename": "[PATH]/crates/erased-oopsie/tests/common/mod.rs",
        "line": -1,
        "column": 0
      },
      {
        "name": "erased::common::make_error",
        "filename": "[PATH]/crates/erased-oopsie/tests/common/mod.rs",
        "line": -1,
        "column": 0
      },
      {
        "name": "erased::test_erased_error_json",
        "filename": "[PATH]/crates/erased-oopsie/tests/erased.rs",
        "line": -1,
        "column": 0
      },
      {
        "name": "erased::test_erased_error_json::{closure}",
        "filename": "[PATH]/crates/erased-oopsie/tests/erased.rs",
        "line": -1,
        "column": 0
      },
      {
        "name": "core::ops::function::FnOnce::call_once",
        "filename": "[STDLIB]/library/core/src/ops/function.rs",
        "line": -1,
        "column": 0
      },
      {
        "name": "<fn() -> core::result::Result<(), alloc::string::String> as core::ops::function::FnOnce>::call_once",
        "filename": "[STDLIB]/library/core/src/ops/function.rs",
        "line": -1,
        "column": 0
      },
      {
        "name": "test::__rust_begin_short_backtrace::<core::result::Result<(), alloc::string::String>, fn() -> core::result::Result<(), alloc::string::String>>",
        "filename": "[STDLIB]/library/test/src/lib.rs",
        "line": -1,
        "column": 0
      },
      {
        "name": "test::run_test_in_process::{closure}",
        "filename": "[STDLIB]/library/test/src/lib.rs",
        "line": -1,
        "column": 0
      },
      {
        "name": "<core::panic::unwind_safe::AssertUnwindSafe<test::run_test_in_process::{closure}> as core::ops::function::FnOnce>::call_once",
        "filename": "[STDLIB]/library/core/src/panic/unwind_safe.rs",
        "line": -1,
        "column": 0
      },
      {
        "name": "std::panicking::catch_unwind::do_call::<core::panic::unwind_safe::AssertUnwindSafe<test::run_test_in_process::{closure}>, core::result::Result<(), alloc::string::String>>",
        "filename": "[STDLIB]/library/std/src/panicking.rs",
        "line": -1,
        "column": 0
      },
      {
        "name": "std::panicking::catch_unwind::<core::result::Result<(), alloc::string::String>, core::panic::unwind_safe::AssertUnwindSafe<test::run_test_in_process::{closure}>>",
        "filename": "[STDLIB]/library/std/src/panicking.rs",
        "line": -1,
        "column": 0
      },
      {
        "name": "std::panic::catch_unwind::<core::panic::unwind_safe::AssertUnwindSafe<test::run_test_in_process::{closure}>, core::result::Result<(), alloc::string::String>>",
        "filename": "[STDLIB]/library/std/src/panic.rs",
        "line": -1,
        "column": 0
      },
      {
        "name": "test::run_test_in_process",
        "filename": "[STDLIB]/library/test/src/lib.rs",
        "line": -1,
        "column": 0
      },
      {
        "name": "test::run_test::{closure}",
        "filename": "[STDLIB]/library/test/src/lib.rs",
        "line": -1,
        "column": 0
      },
      {
        "name": "test::run_test::{closure}",
        "filename": "[STDLIB]/library/test/src/lib.rs",
        "line": -1,
        "column": 0
      },
      {
        "name": "std::sys::backtrace::__rust_begin_short_backtrace::<test::run_test::{closure}, ()>",
        "filename": "[STDLIB]/library/std/src/sys/backtrace.rs",
        "line": -1,
        "column": 0
      },
      {
        "name": "std::thread::lifecycle::spawn_unchecked::<test::run_test::{closure}, ()>::{closure}::{closure}",
        "filename": "[STDLIB]/library/std/src/thread/lifecycle.rs",
        "line": -1,
        "column": 0
      },
      {
        "name": "<core::panic::unwind_safe::AssertUnwindSafe<std::thread::lifecycle::spawn_unchecked<test::run_test::{closure}, ()>::{closure}::{closure}> as core::ops::function::FnOnce>::call_once",
        "filename": "[STDLIB]/library/core/src/panic/unwind_safe.rs",
        "line": -1,
        "column": 0
      },
      {
        "name": "std::panicking::catch_unwind::do_call::<core::panic::unwind_safe::AssertUnwindSafe<std::thread::lifecycle::spawn_unchecked<test::run_test::{closure}, ()>::{closure}::{closure}>, ()>",
        "filename": "[STDLIB]/library/std/src/panicking.rs",
        "line": -1,
        "column": 0
      },
      {
        "name": "std::panicking::catch_unwind::<(), core::panic::unwind_safe::AssertUnwindSafe<std::thread::lifecycle::spawn_unchecked<test::run_test::{closure}, ()>::{closure}::{closure}>>",
        "filename": "[STDLIB]/library/std/src/panicking.rs",
        "line": -1,
        "column": 0
      },
      {
        "name": "std::panic::catch_unwind::<core::panic::unwind_safe::AssertUnwindSafe<std::thread::lifecycle::spawn_unchecked<test::run_test::{closure}, ()>::{closure}::{closure}>, ()>",
        "filename": "[STDLIB]/library/std/src/panic.rs",
        "line": -1,
        "column": 0
      },
      {
        "name": "std::thread::lifecycle::spawn_unchecked::<test::run_test::{closure}, ()>::{closure}",
        "filename": "[STDLIB]/library/std/src/thread/lifecycle.rs",
        "line": -1,
        "column": 0
      },
      {
        "name": "<std::thread::lifecycle::spawn_unchecked<test::run_test::{closure}, ()>::{closure} as core::ops::function::FnOnce>::call_once::{shim:vtable#0}",
        "filename": "[STDLIB]/library/core/src/ops/function.rs",
        "line": -1,
        "column": 0
      },
      {
        "name": "<alloc::boxed::Box<dyn core::ops::function::FnOnce<(), Output = ()> + core::marker::Send> as core::ops::function::FnOnce>::call_once",
        "filename": "[STDLIB]/library/alloc/src/boxed.rs",
        "line": -1,
        "column": 0
      },
      {
        "name": "<std::sys::thread::unix::Thread>::new::thread_start",
        "filename": "[STDLIB]/library/std/src/sys/thread/unix.rs",
        "line": -1,
        "column": 0
      }
    ]
  }
}
