---
source: crates/oopsie-macros/src/oopsie_attr/mod.rs
expression: output
---
# [derive (:: oopsie :: __private :: OopsieAttrImpl)] # [__oopsie_attr (tracing_active , attr_keywords (traced) , traced_keywords ())] # [oopsie (provide (:: oopsie :: ErrorCode => :: oopsie :: ErrorCode :: from (:: core :: concat ! (:: core :: module_path ! () , "::" , "S"))))] # [derive (:: core :: fmt :: Debug)] pub struct S { info : String , # [cfg (feature = "bt")] backtrace : Backtrace , # [cfg (not (feature = "bt"))] # [doc (hidden)] # [oopsie (traces)] __oopsie_traces : :: oopsie :: __private :: alloc :: boxed :: Box < (:: oopsie :: Backtrace , :: oopsie :: SpanTrace) > , # [cfg (feature = "bt")] # [doc (hidden)] # [oopsie (spantrace)] __oopsie_spantrace : :: oopsie :: __private :: alloc :: boxed :: Box < :: oopsie :: SpanTrace > , # [doc (hidden)] # [oopsie (location)] __oopsie_location : & 'static :: core :: panic :: Location < 'static > }
