---
source: crates/oopsie/tests/daisy_fancy_report.rs
expression: report.to_string()
---
Error[daisy_fancy_report::ErrorWithHelp]: Something went wrong: connection refused

  help: Try restarting the service

━━━━━━━━━━━━━━━━━━━━━━━━━━━━━━━━━━ SPANTRACE ━━━━━━━━━━━━━━━━━━━━━━━━━━━━━━━━━━━

━━━━━━━━━━━━━━━━━━━━━━━━━━━━━━━━━━ BACKTRACE ━━━━━━━━━━━━━━━━━━━━━━━━━━━━━━━━━━━
   0: backtrace::backtrace::libunwind::trace
             at [CARGO_REGISTRY]/index.crates.io-1949cf8c6b5b557f/backtrace-0.3.76/src/backtrace/libunwind.rs:[LOC]
      backtrace::backtrace::trace_unsynchronized::<<backtrace::capture::Backtrace>::create::{closure#0}>
             at [CARGO_REGISTRY]/index.crates.io-1949cf8c6b5b557f/backtrace-0.3.76/src/backtrace/mod.rs:[LOC]
   1: backtrace::backtrace::trace::<<backtrace::capture::Backtrace>::create::{closure#0}>
             at [CARGO_REGISTRY]/index.crates.io-1949cf8c6b5b557f/backtrace-0.3.76/src/backtrace/mod.rs:[LOC]
   2: <backtrace::capture::Backtrace>::create
             at [CARGO_REGISTRY]/index.crates.io-1949cf8c6b5b557f/backtrace-0.3.76/src/capture.rs:[LOC]
   3: <backtrace::capture::Backtrace>::new
             at [CARGO_REGISTRY]/index.crates.io-1949cf8c6b5b557f/backtrace-0.3.76/src/capture.rs:[LOC]
   4: <oopsie_core::backtrace::BackTrace as oopsie_core::traits::Capturable>::capture
             at [CRATE_DIR]-core/src/backtrace.rs:[LOC]
   5: <alloc::boxed::Box<oopsie_core::backtrace::BackTrace> as oopsie_core::traits::Capturable>::capture
             at [CRATE_DIR]-core/src/traits.rs:[LOC]
   6: <daisy_fancy_report::ErrorWithHelpOopsie<&str>>::build
             at tests/daisy_fancy_report.rs:[LOC]
   7: daisy_fancy_report::test_fancy_report_with_help
             at tests/daisy_fancy_report.rs:[LOC]
   8: daisy_fancy_report::test_fancy_report_with_help::{closure#0}
             at tests/daisy_fancy_report.rs:[LOC]
   9: <daisy_fancy_report::test_fancy_report_with_help::{closure#0} as core::ops::function::FnOnce<()>>::call_once
             at [SYS_ROOT]/lib/rustlib/src/rust/library/core/src/ops/function.rs:[LOC]
  10: <fn() -> core::result::Result<(), alloc::string::String> as core::ops::function::FnOnce<()>>::call_once
             at /rustc/[HASH]/library/core/src/ops/function.rs:[LOC]
      test::__rust_begin_short_backtrace::<core::result::Result<(), alloc::string::String>, fn() -> core::result::Result<(), alloc::string::String>>
             at /rustc/[HASH]/library/test/src/lib.rs:[LOC]
  11: test::run_test_in_process::{closure#0}
             at /rustc/[HASH]/library/test/src/lib.rs:[LOC]
      <core::panic::unwind_safe::AssertUnwindSafe<test::run_test_in_process::{closure#0}> as core::ops::function::FnOnce<()>>::call_once
             at /rustc/[HASH]/library/core/src/panic/unwind_safe.rs:[LOC]
      std::panicking::catch_unwind::do_call::<core::panic::unwind_safe::AssertUnwindSafe<test::run_test_in_process::{closure#0}>, core::result::Result<(), alloc::string::String>>
             at /rustc/[HASH]/library/std/src/panicking.rs:[LOC]
      std::panicking::catch_unwind::<core::result::Result<(), alloc::string::String>, core::panic::unwind_safe::AssertUnwindSafe<test::run_test_in_process::{closure#0}>>
             at /rustc/[HASH]/library/std/src/panicking.rs:[LOC]
      std::panic::catch_unwind::<core::panic::unwind_safe::AssertUnwindSafe<test::run_test_in_process::{closure#0}>, core::result::Result<(), alloc::string::String>>
             at /rustc/[HASH]/library/std/src/panic.rs:[LOC]
      test::run_test_in_process
             at /rustc/[HASH]/library/test/src/lib.rs:[LOC]
      test::run_test::{closure#0}
             at /rustc/[HASH]/library/test/src/lib.rs:[LOC]
  12: test::run_test::{closure#1}
             at /rustc/[HASH]/library/test/src/lib.rs:[LOC]
      std::sys::backtrace::__rust_begin_short_backtrace::<test::run_test::{closure#1}, ()>
             at /rustc/[HASH]/library/std/src/sys/backtrace.rs:[LOC]
  13: std::thread::lifecycle::spawn_unchecked::<test::run_test::{closure#1}, ()>::{closure#1}::{closure#0}
             at /rustc/[HASH]/library/std/src/thread/lifecycle.rs:[LOC]
      <core::panic::unwind_safe::AssertUnwindSafe<std::thread::lifecycle::spawn_unchecked<test::run_test::{closure#1}, ()>::{closure#1}::{closure#0}> as core::ops::function::FnOnce<()>>::call_once
             at /rustc/[HASH]/library/core/src/panic/unwind_safe.rs:[LOC]
      std::panicking::catch_unwind::do_call::<core::panic::unwind_safe::AssertUnwindSafe<std::thread::lifecycle::spawn_unchecked<test::run_test::{closure#1}, ()>::{closure#1}::{closure#0}>, ()>
             at /rustc/[HASH]/library/std/src/panicking.rs:[LOC]
      std::panicking::catch_unwind::<(), core::panic::unwind_safe::AssertUnwindSafe<std::thread::lifecycle::spawn_unchecked<test::run_test::{closure#1}, ()>::{closure#1}::{closure#0}>>
             at /rustc/[HASH]/library/std/src/panicking.rs:[LOC]
      std::panic::catch_unwind::<core::panic::unwind_safe::AssertUnwindSafe<std::thread::lifecycle::spawn_unchecked<test::run_test::{closure#1}, ()>::{closure#1}::{closure#0}>, ()>
             at /rustc/[HASH]/library/std/src/panic.rs:[LOC]
      std::thread::lifecycle::spawn_unchecked::<test::run_test::{closure#1}, ()>::{closure#1}
             at /rustc/[HASH]/library/std/src/thread/lifecycle.rs:[LOC]
      <std::thread::lifecycle::spawn_unchecked<test::run_test::{closure#1}, ()>::{closure#1} as core::ops::function::FnOnce<()>>::call_once::{shim:vtable#0}
             at /rustc/[HASH]/library/core/src/ops/function.rs:[LOC]
  14: <alloc::boxed::Box<dyn core::ops::function::FnOnce<(), Output = ()> + core::marker::Send> as core::ops::function::FnOnce<()>>::call_once
             at /rustc/[HASH]/library/alloc/src/boxed.rs:[LOC]
      <std::sys::thread::unix::Thread>::new::thread_start
             at /rustc/[HASH]/library/std/src/sys/thread/unix.rs:[LOC]
  15: __pthread_cond_wait
