---
source: crates/oopsie/tests/report.rs
expression: report
---
Error[report::common::MyError::Inner]: Inner error happened
  ╰─▶ Error: Inner function failed (foo=true, name=Alice)

━━━━━━━━━━━━━━━━━━━━━━━━━━━━━━━━━━ SPANTRACE ━━━━━━━━━━━━━━━━━━━━━━━━━━━━━━━━━━━
   0: sys::inner_function
           with {"foo":true,"id":42,"name":"Alice"}
             at crates/oopsie/tests/common/mod.rs:[LOC]
   1: controller::outer_function
           with {"foo":true,"name":"Alice"}
             at crates/oopsie/tests/common/mod.rs:[LOC]
━━━━━━━━━━━━━━━━━━━━━━━━━━━━━━━━━━ BACKTRACE ━━━━━━━━━━━━━━━━━━━━━━━━━━━━━━━━━━━
   ... 8 frames hidden ...
  1: <report[[HASH]]::common::MyErrorInnerOopsie<alloc[[HASH]]::string::String>>::build
           at [WORKSPACE]/crates/oopsie/tests/common/mod.rs:[LOC]
  2: <report[[HASH]]::common::MyErrorInnerOopsie<alloc[[HASH]]::string::String>>::fail::<()>
           at [WORKSPACE]/crates/oopsie/tests/common/mod.rs:[LOC]
  3: report[[HASH]]::common::make_error::inner_function
           at [WORKSPACE]/crates/oopsie/tests/common/mod.rs:[LOC]
  4: report[[HASH]]::common::make_error::outer_function
           at [WORKSPACE]/crates/oopsie/tests/common/mod.rs:[LOC]
  5: report[[HASH]]::common::make_error
           at [WORKSPACE]/crates/oopsie/tests/common/mod.rs:[LOC]
  6: report[[HASH]]::test_report_with_spantrace
           at [WORKSPACE]/crates/oopsie/tests/report.rs:[LOC]
  7: report[[HASH]]::test_report_with_spantrace::{closure#0}
           at [WORKSPACE]/crates/oopsie/tests/report.rs:[LOC]
  8: <report[[HASH]]::test_report_with_spantrace::{closure#0} as core[[HASH]]::ops::function::FnOnce<()>>::call_once
           at [STDLIB]/library/core/src/ops/function.rs:[LOC]
  9: <fn() -> core[[HASH]]::result::Result<(), alloc[[HASH]]::string::String> as core[[HASH]]::ops::function::FnOnce<()>>::call_once
           at [STDLIB]/library/core/src/ops/function.rs:[LOC]
   ... 20 frames hidden ...
