---
source: crates/oopsie/tests/report.rs
expression: report.to_string()
---
Error[report::ErrorWithHelp]: Something went wrong: connection refused
  at crates/oopsie/tests/report.rs:[LOC]

  help: Try restarting the service

━━━━━━━━━━━━━━━━━━━━━━━━━━━━━━━━━━ SPANTRACE ━━━━━━━━━━━━━━━━━━━━━━━━━━━━━━━━━━━
   ... no spans captured ...

━━━━━━━━━━━━━━━━━━━━━━━━━━━━━━━━━━ BACKTRACE ━━━━━━━━━━━━━━━━━━━━━━━━━━━━━━━━━━━
   ... 9 frames hidden ...
  1: report::test_report_with_help::h[HASH]
           at tests/report.rs:[LOC]
  2: report::test_report_with_help::{{closure}}::h[HASH]
           at tests/report.rs:[LOC]
   ... 22 frames hidden ...
