---
source: crates/oopsie/tests/report.rs
expression: output
---
Error[report::TestError]: Test error: colored test


━━━━━━━━━━━━━━━━━━━━━━━━━━━━━━━━━━ BACKTRACE ━━━━━━━━━━━━━━━━━━━━━━━━━━━━━━━━━━━
  1: oopsie_core::traits::Capturable::capture
           at [CRATE_DIR]-core/src/backtrace.rs:[LOC]
  2: oopsie_core::traits::Capturable::capture
           at [CRATE_DIR]-core/src/traits.rs:[LOC]
  3: <alloc::boxed::Box<(oopsie_core::backtrace::Backtrace, oopsie_core::spantrace::SpanTrace)> as oopsie_core::traits::Capturable>::capture
           at [CRATE_DIR]-core/src/traits.rs:[LOC]
  4: report::TestOopsie<T>::build
           at [CRATE_DIR]/tests/report.rs:[LOC]
  5: report::test_report_colored
           at [CRATE_DIR]/tests/report.rs:[LOC]
  6: report::test_report_colored::{closure}
           at [CRATE_DIR]/tests/report.rs:[LOC]
  7: core::ops::function::FnOnce::call_once
           at [STDLIB]/library/core/src/ops/function.rs:[LOC]
  8: <fn() -> core::result::Result<(), alloc::string::String> as core::ops::function::FnOnce>::call_once
           at [STDLIB]/library/core/src/ops/function.rs:[LOC]
  9: test::__rust_begin_short_backtrace::<core::result::Result<(), alloc::string::String>, fn() -> core::result::Result<(), alloc::string::String>>
           at [STDLIB]/library/test/src/lib.rs:[LOC]
 10: test::run_test_in_process::{closure}
           at [STDLIB]/library/test/src/lib.rs:[LOC]
 11: <core::panic::unwind_safe::AssertUnwindSafe<test::run_test_in_process::{closure}> as core::ops::function::FnOnce>::call_once
           at [STDLIB]/library/core/src/panic/unwind_safe.rs:[LOC]
 12: std::panicking::catch_unwind::do_call::<core::panic::unwind_safe::AssertUnwindSafe<test::run_test_in_process::{closure}>, core::result::Result<(), alloc::string::String>>
           at [STDLIB]/library/std/src/panicking.rs:[LOC]
 13: std::panicking::catch_unwind::<core::result::Result<(), alloc::string::String>, core::panic::unwind_safe::AssertUnwindSafe<test::run_test_in_process::{closure}>>
           at [STDLIB]/library/std/src/panicking.rs:[LOC]
 14: std::panic::catch_unwind::<core::panic::unwind_safe::AssertUnwindSafe<test::run_test_in_process::{closure}>, core::result::Result<(), alloc::string::String>>
           at [STDLIB]/library/std/src/panic.rs:[LOC]
 15: test::run_test_in_process
           at [STDLIB]/library/test/src/lib.rs:[LOC]
 16: test::run_test::{closure}
           at [STDLIB]/library/test/src/lib.rs:[LOC]
 17: test::run_test::{closure}
           at [STDLIB]/library/test/src/lib.rs:[LOC]
 18: std::sys::backtrace::__rust_begin_short_backtrace::<test::run_test::{closure}, ()>
           at [STDLIB]/library/std/src/sys/backtrace.rs:[LOC]
 19: std::thread::lifecycle::spawn_unchecked::<test::run_test::{closure}, ()>::{closure}::{closure}
           at [STDLIB]/library/std/src/thread/lifecycle.rs:[LOC]
 20: <core::panic::unwind_safe::AssertUnwindSafe<std::thread::lifecycle::spawn_unchecked<test::run_test::{closure}, ()>::{closure}::{closure}> as core::ops::function::FnOnce>::call_once
           at [STDLIB]/library/core/src/panic/unwind_safe.rs:[LOC]
 21: std::panicking::catch_unwind::do_call::<core::panic::unwind_safe::AssertUnwindSafe<std::thread::lifecycle::spawn_unchecked<test::run_test::{closure}, ()>::{closure}::{closure}>, ()>
           at [STDLIB]/library/std/src/panicking.rs:[LOC]
 22: std::panicking::catch_unwind::<(), core::panic::unwind_safe::AssertUnwindSafe<std::thread::lifecycle::spawn_unchecked<test::run_test::{closure}, ()>::{closure}::{closure}>>
           at [STDLIB]/library/std/src/panicking.rs:[LOC]
 23: std::panic::catch_unwind::<core::panic::unwind_safe::AssertUnwindSafe<std::thread::lifecycle::spawn_unchecked<test::run_test::{closure}, ()>::{closure}::{closure}>, ()>
           at [STDLIB]/library/std/src/panic.rs:[LOC]
 24: std::thread::lifecycle::spawn_unchecked::<test::run_test::{closure}, ()>::{closure}
           at [STDLIB]/library/std/src/thread/lifecycle.rs:[LOC]
 25: <std::thread::lifecycle::spawn_unchecked<test::run_test::{closure}, ()>::{closure} as core::ops::function::FnOnce>::call_once::{shim:vtable#0}
           at [STDLIB]/library/core/src/ops/function.rs:[LOC]
 26: <alloc::boxed::Box<dyn core::ops::function::FnOnce<(), Output = ()> + core::marker::Send> as core::ops::function::FnOnce>::call_once
           at [STDLIB]/library/alloc/src/boxed.rs:[LOC]
 27: <std::sys::thread::unix::Thread>::new::thread_start
           at [STDLIB]/library/std/src/sys/thread/unix.rs:[LOC]
