---
source: crates/oopsie/tests/report.rs
expression: output
---
Error[report::TestError]: Test error: colored test

━━━━━━━━━━━━━━━━━━━━━━━━━━━━━━━━━━ BACKTRACE ━━━━━━━━━━━━━━━━━━━━━━━━━━━━━━━━━━━
   ... 8 frames hidden ...
  1: build<&str>
           at [WORKSPACE]/crates/oopsie/tests/report.rs:[LOC]
  2: test_report_colored
           at [WORKSPACE]/crates/oopsie/tests/report.rs:[LOC]
  3: {closure#0}
           at [WORKSPACE]/crates/oopsie/tests/report.rs:[LOC]
  4: call_once<report::test_report_colored::{closure_env#0}, ()>
           at [STDLIB]/library/core/src/ops/function.rs:[LOC]
  5: <fn() -> core[[HASH]]::result::Result<(), alloc[[HASH]]::string::String> as core[[HASH]]::ops::function::FnOnce<()>>::call_once
           at [STDLIB]/library/core/src/ops/function.rs:[LOC]
   ... 20 frames hidden ...
