---
source: crates/oopsie/tests/report.rs
expression: report
---
Error[report::TestError]: Test error: something failed
  at crates/oopsie/tests/report.rs:[LOC]

━━━━━━━━━━━━━━━━━━━━━━━━━━━━━━━━━━ BACKTRACE ━━━━━━━━━━━━━━━━━━━━━━━━━━━━━━━━━━━
   ... 9 frames hidden ...
  1: report::test_report_basic::h[HASH]
           at tests/report.rs:[LOC]
  2: report::test_report_basic::{{closure}}::h[HASH]
           at tests/report.rs:[LOC]
   ... 22 frames hidden ...
