---
source: crates/oopsie/tests/report.rs
expression: report
---
Error[report::OuterError]: Outer error
  ╰─▶ Test error: root cause

━━━━━━━━━━━━━━━━━━━━━━━━━━━━━━━━━━ BACKTRACE ━━━━━━━━━━━━━━━━━━━━━━━━━━━━━━━━━━━
   ... 8 frames hidden ...
  1: report::TestOopsie<__T0>::build::h[HASH]
           at [WORKSPACE]/crates/oopsie/tests/report.rs:[LOC]
  2: report::test_report_chain::h[HASH]
           at [WORKSPACE]/crates/oopsie/tests/report.rs:[LOC]
  3: report::test_report_chain::{{closure}}::h[HASH]
           at [WORKSPACE]/crates/oopsie/tests/report.rs:[LOC]
  4: core::ops::function::FnOnce::call_once::h[HASH]
           at [STDLIB]/library/core/src/ops/function.rs:[LOC]
   ... 21 frames hidden ...
