---
source: crates/oopsie/tests/report.rs
expression: report.to_string()
---
Error[report::ErrorWithHelp]: Something went wrong: connection refused
  at crates/oopsie/tests/report.rs:[LOC]

  help: Try restarting the service

━━━━━━━━━━━━━━━━━━━━━━━━━━━━━━━━━━ SPANTRACE ━━━━━━━━━━━━━━━━━━━━━━━━━━━━━━━━━━━
   ... no spans captured ...

━━━━━━━━━━━━━━━━━━━━━━━━━━━━━━━━━━ BACKTRACE ━━━━━━━━━━━━━━━━━━━━━━━━━━━━━━━━━━━
   ... 9 frames hidden ...
  1: report[[HASH]]::test_report_with_help
           at tests/report.rs:[LOC]
  2: report[[HASH]]::test_report_with_help::{closure#0}
           at tests/report.rs:[LOC]
   ... 22 frames hidden ...
